// Jest Snapshot v1, https://goo.gl/fbAQLP

exports[`CategoriesRow component should render successfully with mock 1`] = `
[
  <Text
    style={
      [
        {
          "color": "#333333",
          "fontSize": 18,
          "marginBottom": 6,
          "marginTop": 32,
        },
        {
          "fontFamily": "Gotham-Bold",
        },
      ]
    }
  >
    CATEGORIAS
  </Text>,
  <RCTScrollView
    horizontal={true}
  >
    <View>
      <View
        style={
          {
            "flexDirection": "row",
          }
        }
      >
        <View
          style={
            {
              "marginRight": 6,
            }
          }
        >
          <View
            style={
              [
                {
                  "alignContent": "center",
                  "alignItems": "center",
                  "display": "flex",
                  "height": 90,
                  "width": 168,
                },
              ]
            }
          >
            <Text
              style={
                [
                  {
                    "color": "#fff",
                    "fontSize": 16,
                    "letterSpacing": 1,
                    "marginTop": 30,
                    "position": "absolute",
                    "zIndex": 2,
                  },
                  {
                    "fontFamily": "Gotham-Bold",
                  },
                ]
              }
            >
              HAMBURGUESAS
            </Text>
            <View
              accessibilityIgnoresInvertColors={true}
              style={
                [
                  {
                    "height": 80,
                    "width": 174,
                  },
                ]
              }
            >
              <Image
                source={
                  {
                    "testUri": "../../../assets/imgs/hamburguer.png",
                  }
                }
                style={
                  [
                    {
                      "bottom": 0,
                      "left": 0,
                      "position": "absolute",
                      "right": 0,
                      "top": 0,
                    },
                    {
                      "height": 80,
                      "width": 174,
                    },
                    undefined,
                  ]
                }
              />
            </View>
          </View>
        </View>
        <View
          style={
            {
              "marginRight": 6,
            }
          }
        >
          <View
            style={
              [
                {
                  "alignContent": "center",
                  "alignItems": "center",
                  "display": "flex",
                  "height": 90,
                  "width": 168,
                },
              ]
            }
          >
            <Text
              style={
                [
                  {
                    "color": "#fff",
                    "fontSize": 16,
                    "letterSpacing": 1,
                    "marginTop": 30,
                    "position": "absolute",
                    "zIndex": 2,
                  },
                  {
                    "fontFamily": "Gotham-Bold",
                  },
                ]
              }
            >
              ITALIANA
            </Text>
            <View
              accessibilityIgnoresInvertColors={true}
              style={
                [
                  {
                    "height": 80,
                    "width": 174,
                  },
                ]
              }
            >
              <Image
                source={
                  {
                    "testUri": "../../../assets/imgs/italian.png",
                  }
                }
                style={
                  [
                    {
                      "bottom": 0,
                      "left": 0,
                      "position": "absolute",
                      "right": 0,
                      "top": 0,
                    },
                    {
                      "height": 80,
                      "width": 174,
                    },
                    undefined,
                  ]
                }
              />
            </View>
          </View>
        </View>
        <View
          style={
            {
              "marginRight": 6,
            }
          }
        >
          <View
            style={
              [
                {
                  "alignContent": "center",
                  "alignItems": "center",
                  "display": "flex",
                  "height": 90,
                  "width": 168,
                },
              ]
            }
          >
            <Text
              style={
                [
                  {
                    "color": "#fff",
                    "fontSize": 16,
                    "letterSpacing": 1,
                    "marginTop": 30,
                    "position": "absolute",
                    "zIndex": 2,
                  },
                  {
                    "fontFamily": "Gotham-Bold",
                  },
                ]
              }
            >
              PIZZAS
            </Text>
            <View
              accessibilityIgnoresInvertColors={true}
              style={
                [
                  {
                    "height": 80,
                    "width": 174,
                  },
                ]
              }
            >
              <Image
                source={
                  {
                    "testUri": "../../../assets/imgs/pizza.png",
                  }
                }
                style={
                  [
                    {
                      "bottom": 0,
                      "left": 0,
                      "position": "absolute",
                      "right": 0,
                      "top": 0,
                    },
                    {
                      "height": 80,
                      "width": 174,
                    },
                    undefined,
                  ]
                }
              />
            </View>
          </View>
        </View>
      </View>
    </View>
  </RCTScrollView>,
]
`;
