// Jest Snapshot v1, https://goo.gl/fbAQLP

exports[`Title component should render successfully with title_mock 1`] = `
<Text
  style={
    [
      {
        "color": "#333333",
        "fontFamily": "Gotham-Bold",
        "fontSize": 18,
        "marginBottom": 6,
      },
    ]
  }
>
  title_mock
</Text>
`;
