// Jest Snapshot v1, https://goo.gl/fbAQLP

exports[`RestaurantRow component should render successfully with RestaurantRow_mock 1`] = `
[
  <Text
    style={
      [
        {
          "color": "#333333",
          "fontSize": 18,
          "marginBottom": 6,
        },
        {
          "fontFamily": "Gotham-Bold",
        },
      ]
    }
  >
    RESTAURANTES
  </Text>,
  <RCTScrollView
    horizontal={true}
  >
    <View>
      <View
        style={
          {
            "flexDirection": "row",
          }
        }
      >
        <View
          accessibilityState={
            {
              "busy": undefined,
              "checked": undefined,
              "disabled": undefined,
              "expanded": undefined,
              "selected": undefined,
            }
          }
          accessibilityValue={
            {
              "max": undefined,
              "min": undefined,
              "now": undefined,
              "text": undefined,
            }
          }
          accessible={true}
          collapsable={false}
          focusable={true}
          onClick={[Function]}
          onResponderGrant={[Function]}
          onResponderMove={[Function]}
          onResponderRelease={[Function]}
          onResponderTerminate={[Function]}
          onResponderTerminationRequest={[Function]}
          onStartShouldSetResponder={[Function]}
          style={
            {
              "opacity": 1,
            }
          }
          testID="clickMeRestaurantRow"
        >
          <View
            style={
              {
                "marginRight": 12,
              }
            }
          >
            <View
              style={
                [
                  {
                    "alignItems": "center",
                    "backgroundColor": "#00BAA4",
                    "height": 30,
                    "justifyContent": "center",
                    "marginLeft": 78,
                    "marginTop": 2,
                    "position": "absolute",
                    "width": 30,
                    "zIndex": 2,
                  },
                  {
                    "borderRadius": 50,
                  },
                ]
              }
            >
              <Text
                style={
                  [
                    {
                      "color": "#fff",
                      "fontSize": 11,
                    },
                    {
                      "fontFamily": "Roboto-Light",
                    },
                  ]
                }
              >
                50
                %
              </Text>
              <Text
                style={
                  [
                    {
                      "color": "#fff",
                      "fontSize": 7,
                      "marginTop": -2,
                    },
                    {
                      "fontFamily": "Roboto-Light",
                    },
                  ]
                }
              >
                DCTO
              </Text>
            </View>
            <View
              bgColor=""
              style={
                [
                  {
                    "alignItems": "center",
                    "backgroundColor": "",
                    "borderRadius": 16,
                    "display": "flex",
                    "height": 104,
                    "justifyContent": "center",
                    "marginTop": 10,
                    "width": 104,
                  },
                ]
              }
            >
              <Image
                source={
                  {
                    "uri": "https://i.imgur.com/1PLcyBL.png",
                  }
                }
                style={
                  [
                    {
                      "height": "100%",
                      "maxWidth": 104,
                      "width": "100%",
                    },
                  ]
                }
              />
            </View>
            <View>
              <View
                style={
                  [
                    {
                      "alignItems": "center",
                      "display": "flex",
                      "maxWidth": 104,
                      "width": "100%",
                    },
                  ]
                }
              >
                <Text
                  style={
                    [
                      {
                        "color": "#333333",
                        "fontSize": 14,
                      },
                      {
                        "fontFamily": "Gotham-Medium",
                      },
                    ]
                  }
                >
                  Mcdonalds
                </Text>
              </View>
              <View
                style={
                  [
                    {
                      "alignItems": "center",
                      "display": "flex",
                      "flexDirection": "row",
                      "justifyContent": "space-between",
                      "maxWidth": 104,
                      "width": "100%",
                    },
                  ]
                }
              >
                <View
                  style={
                    [
                      {
                        "alignItems": "center",
                        "display": "flex",
                        "flexDirection": "row",
                      },
                    ]
                  }
                >
                  <Image
                    source={
                      {
                        "testUri": "../../../assets/imgs/starmini.png",
                      }
                    }
                    style={
                      [
                        {
                          "height": 16,
                          "marginRight": 2,
                          "width": 16,
                        },
                      ]
                    }
                  />
                  <Text
                    style={
                      [
                        {
                          "color": "#333333",
                          "fontSize": 12,
                        },
                        {
                          "fontFamily": "Gotham-Medium",
                        },
                      ]
                    }
                  >
                    3.5
                  </Text>
                </View>
                <View>
                  <Text
                    style={
                      [
                        {
                          "color": "#333333",
                          "fontSize": 12,
                        },
                        {
                          "fontFamily": "Gotham-Medium",
                        },
                      ]
                    }
                  >
                    10-50
                     min
                  </Text>
                </View>
              </View>
            </View>
          </View>
        </View>
        <View
          accessibilityState={
            {
              "busy": undefined,
              "checked": undefined,
              "disabled": undefined,
              "expanded": undefined,
              "selected": undefined,
            }
          }
          accessibilityValue={
            {
              "max": undefined,
              "min": undefined,
              "now": undefined,
              "text": undefined,
            }
          }
          accessible={true}
          collapsable={false}
          focusable={true}
          onClick={[Function]}
          onResponderGrant={[Function]}
          onResponderMove={[Function]}
          onResponderRelease={[Function]}
          onResponderTerminate={[Function]}
          onResponderTerminationRequest={[Function]}
          onStartShouldSetResponder={[Function]}
          style={
            {
              "opacity": 1,
            }
          }
          testID="clickMeRestaurantRow"
        >
          <View
            style={
              {
                "marginRight": 12,
              }
            }
          >
            <View
              style={
                [
                  {
                    "alignItems": "center",
                    "backgroundColor": "#00BAA4",
                    "height": 30,
                    "justifyContent": "center",
                    "marginLeft": 78,
                    "marginTop": 2,
                    "position": "absolute",
                    "width": 30,
                    "zIndex": 2,
                  },
                  {
                    "borderRadius": 50,
                  },
                ]
              }
            >
              <Text
                style={
                  [
                    {
                      "color": "#fff",
                      "fontSize": 11,
                    },
                    {
                      "fontFamily": "Roboto-Light",
                    },
                  ]
                }
              >
                30
                %
              </Text>
              <Text
                style={
                  [
                    {
                      "color": "#fff",
                      "fontSize": 7,
                      "marginTop": -2,
                    },
                    {
                      "fontFamily": "Roboto-Light",
                    },
                  ]
                }
              >
                DCTO
              </Text>
            </View>
            <View
              bgColor=""
              style={
                [
                  {
                    "alignItems": "center",
                    "backgroundColor": "",
                    "borderRadius": 16,
                    "display": "flex",
                    "height": 104,
                    "justifyContent": "center",
                    "marginTop": 10,
                    "width": 104,
                  },
                ]
              }
            >
              <Image
                source={
                  {
                    "uri": "https://i.imgur.com/PPaKrFj.png",
                  }
                }
                style={
                  [
                    {
                      "height": "100%",
                      "maxWidth": 104,
                      "width": "100%",
                    },
                  ]
                }
              />
            </View>
            <View>
              <View
                style={
                  [
                    {
                      "alignItems": "center",
                      "display": "flex",
                      "maxWidth": 104,
                      "width": "100%",
                    },
                  ]
                }
              >
                <Text
                  style={
                    [
                      {
                        "color": "#333333",
                        "fontSize": 14,
                      },
                      {
                        "fontFamily": "Gotham-Medium",
                      },
                    ]
                  }
                >
                  MELT pizzas
                </Text>
              </View>
              <View
                style={
                  [
                    {
                      "alignItems": "center",
                      "display": "flex",
                      "flexDirection": "row",
                      "justifyContent": "space-between",
                      "maxWidth": 104,
                      "width": "100%",
                    },
                  ]
                }
              >
                <View
                  style={
                    [
                      {
                        "alignItems": "center",
                        "display": "flex",
                        "flexDirection": "row",
                      },
                    ]
                  }
                >
                  <Image
                    source={
                      {
                        "testUri": "../../../assets/imgs/starmini.png",
                      }
                    }
                    style={
                      [
                        {
                          "height": 16,
                          "marginRight": 2,
                          "width": 16,
                        },
                      ]
                    }
                  />
                  <Text
                    style={
                      [
                        {
                          "color": "#333333",
                          "fontSize": 12,
                        },
                        {
                          "fontFamily": "Gotham-Medium",
                        },
                      ]
                    }
                  >
                    4.5
                  </Text>
                </View>
                <View>
                  <Text
                    style={
                      [
                        {
                          "color": "#333333",
                          "fontSize": 12,
                        },
                        {
                          "fontFamily": "Gotham-Medium",
                        },
                      ]
                    }
                  >
                    10-60
                     min
                  </Text>
                </View>
              </View>
            </View>
          </View>
        </View>
      </View>
    </View>
  </RCTScrollView>,
]
`;
