// Jest Snapshot v1, https://goo.gl/fbAQLP

exports[`Restaurant component should render successfully with Restaurant_mock 1`] = `
<RCTScrollView>
  <View>
    <View
      style={
        {
          "flexDirection": "row",
        }
      }
    >
      <View
        style={
          {
            "marginRight": 12,
          }
        }
      >
        <RCTScrollView>
          <View>
            <View
              style={
                [
                  {
                    "display": "flex",
                    "flexDirection": "row",
                    "justifyContent": "center",
                    "minWidth": "100%",
                    "width": "100%",
                  },
                ]
              }
            >
              <View
                accessibilityState={
                  {
                    "busy": undefined,
                    "checked": undefined,
                    "disabled": undefined,
                    "expanded": undefined,
                    "selected": undefined,
                  }
                }
                accessibilityValue={
                  {
                    "max": undefined,
                    "min": undefined,
                    "now": undefined,
                    "text": undefined,
                  }
                }
                accessible={true}
                collapsable={false}
                focusable={true}
                onClick={[Function]}
                onResponderGrant={[Function]}
                onResponderMove={[Function]}
                onResponderRelease={[Function]}
                onResponderTerminate={[Function]}
                onResponderTerminationRequest={[Function]}
                onStartShouldSetResponder={[Function]}
                style={
                  {
                    "opacity": 1,
                  }
                }
                testID="clickMe"
              >
                <View
                  bgColor=""
                  style={
                    [
                      {
                        "alignItems": "center",
                        "backgroundColor": "",
                        "borderRadius": 16,
                        "display": "flex",
                        "height": 148,
                        "justifyContent": "center",
                        "marginTop": 10,
                        "overflow": "hidden",
                        "width": 148,
                      },
                    ]
                  }
                >
                  <Image
                    source={
                      {
                        "uri": "https://i.imgur.com/25zvKsX.png",
                      }
                    }
                    style={
                      [
                        {
                          "height": 148,
                          "width": 148,
                        },
                      ]
                    }
                  />
                </View>
              </View>
            </View>
            <View
              style={
                [
                  {
                    "display": "flex",
                    "flexDirection": "row",
                    "justifyContent": "center",
                    "minWidth": "100%",
                    "width": "100%",
                  },
                ]
              }
            >
              <Text
                style={
                  [
                    {
                      "color": "#333333",
                      "fontSize": 22,
                      "marginTop": 8,
                    },
                    {
                      "fontFamily": "Gotham-Bold",
                    },
                  ]
                }
              >
                Mcdonalds
              </Text>
            </View>
            <View
              style={
                [
                  {
                    "display": "flex",
                    "flexDirection": "row",
                    "justifyContent": "center",
                    "minWidth": "100%",
                    "width": "100%",
                  },
                ]
              }
            >
              <Text
                style={
                  [
                    {
                      "color": "#adadad",
                      "fontSize": 12,
                      "marginTop": 8,
                    },
                    {
                      "fontFamily": "Gotham-Book",
                    },
                  ]
                }
              >
                Pizzeria - Snacks
              </Text>
            </View>
            <View
              style={
                [
                  {
                    "display": "flex",
                    "flexDirection": "row",
                    "justifyContent": "center",
                    "marginTop": 200,
                    "minWidth": "100%",
                    "width": "100%",
                  },
                ]
              }
            >
              <Text
                style={
                  [
                    {
                      "color": "#adadad",
                      "fontSize": 20,
                      "marginTop": 8,
                    },
                    {
                      "fontFamily": "Gotham-Book",
                    },
                  ]
                }
              >
                Detalle de restaurante
              </Text>
            </View>
          </View>
        </RCTScrollView>
      </View>
    </View>
  </View>
</RCTScrollView>
`;

exports[`Title component should render successfully with title_mock 1`] = `
<Text
  style={
    [
      {
        "color": "#333333",
        "fontFamily": "Gotham-Bold",
        "fontSize": 18,
        "marginBottom": 6,
      },
    ]
  }
>
  title_mock
</Text>
`;
